Microchip MPLAB XC8 Compiler V1.33 ()

Linker command line:

--edf=C:\Program Files\Microchip\xc8\v1.33\dat\en_msgs.txt -cs \
  -h+dist/default/production\16F648A_PWM_USART.X.production.sym \
  --cmf=dist/default/production\16F648A_PWM_USART.X.production.cmf -z \
  -Q16F648A -oC:\Users\sigemasa\AppData\Local\Temp\s4ls.6 \
  -Mdist/default/production/16F648A_PWM_USART.X.production.map -E1 -ver=XC8 \
  -ASTACK=0A0h-0efh -pstack=STACK -ACONST=00h-0FFhx16 -ACODE=00h-07FFhx2 \
  -ASTRCODE=00h-0FFFh -AENTRY=00h-0FFhx16 -ASTRING=00h-0FFhx16 \
  -ACOMMON=070h-07Fh -ABANK0=020h-06Fh -ABANK1=0A0h-0EFh \
  -ABANK2=0120h-016Fh -ARAM=020h-06Fh,0A0h-0EFh,0120h-016Fh \
  -AABS1=020h-07Fh,0A0h-0EFh,0120h-016Fh -ASFR0=00h-01Fh -ASFR1=080h-09Fh \
  -ASFR2=0100h-011Fh -ASFR3=0180h-01EFh \
  -preset_vec=00h,intentry=04h,init,end_init -ppowerup=CODE -pcinit=CODE \
  -pfunctab=CODE -ACONFIG=02007h-02007h -pconfig=CONFIG -DCONFIG=2 \
  -AIDLOC=02000h-02003h -pidloc=IDLOC -DIDLOC=2 -AEEDATA=00h-0FFh/02100h \
  -peeprom_data=EEDATA -DEEDATA=2 -DCODE=2 -DSTRCODE=2 -DSTRING=2 -DCONST=2 \
  -DENTRY=2 -k C:\Users\sigemasa\AppData\Local\Temp\s4ls.obj \
  dist/default/production\16F648A_PWM_USART.X.production.obj 

Object code version is 3.11

Machine type is 16F648A



                Name                               Link     Load   Length Selector   Space Scale
C:\Users\sigemasa\AppData\Local\Temp\s4ls.obj
                end_init                             11       11        2        8       0
                reset_vec                             0        0        2        0       0
                config                             2007     2007        1     400E       0
dist/default/production\16F648A_PWM_USART.X.production.obj
                cinit                                13       13        E        8       0
                intentry                              4        4        D        8       0
                text6                                B4       B4       42        8       0
                text5                               13A      13A       39      274       0
                text4                               173      173       2D      274       0
                text3                               1CB      1CB       2A      274       0
                text2                               1A0      1A0       2B      274       0
                text1                                21       21       93        8       0
                maintext                            1F5      1F5       10      274       0
                cstackBANK0                          39       39       15       20       1
                cstackCOMMON                         75       75        5       70       1
                clrtext                             205      205        8      274       0
                bssBANK0                             20       20       19       20       1
                bssCOMMON                            70       70        5       70       1
                strings                             100      100       3A      200       0

TOTAL           Name                               Link     Load   Length     Space
        CLASS   STACK          

        CLASS   CONST          

        CLASS   CODE           
                end_init                             11       11        2         0
                cinit                                13       13        E         0
                intentry                              4        4        D         0
                reset_vec                             0        0        2         0
                text6                                B4       B4       42         0
                text5                               13A      13A       39         0
                text4                               173      173       2D         0
                text3                               1CB      1CB       2A         0
                text2                               1A0      1A0       2B         0
                text1                                21       21       93         0
                maintext                            1F5      1F5       10         0
                clrtext                             205      205        8         0

        CLASS   STRCODE        

        CLASS   ENTRY          

        CLASS   STRING         
                strings                             100      100       3A         0

        CLASS   COMMON         
                cstackCOMMON                         75       75        5         1
                bssCOMMON                            70       70        5         1

        CLASS   BANK0          
                cstackBANK0                          39       39       15         1
                bssBANK0                             20       20       19         1

        CLASS   BANK1          

        CLASS   BANK2          

        CLASS   RAM            

        CLASS   ABS1           
                abs_s1                               7E       7E        2         1

        CLASS   SFR0           

        CLASS   SFR1           

        CLASS   SFR2           

        CLASS   SFR3           

        CLASS   CONFIG         
                config                             2007     2007        1         0

        CLASS   IDLOC          

        CLASS   EEDATA         

        CLASS   BANK3          



SEGMENTS        Name                           Load    Length   Top    Selector   Space  Class     Delta

                reset_vec                      000000  000002  000002         0       0  CODE        2
                intentry                       000004  0000F2  0000F6         8       0  CODE        2
                bssBANK0                       000020  00002E  00004E        20       1  BANK0       1
                bssCOMMON                      000070  00000A  00007A        70       1  COMMON      1
                strings                        000100  00003A  00013A       200       0  STRING      2
                text5                          00013A  0000D3  00020D       274       0  CODE        2
                config                         002007  000001  002008      400E       0  CONFIG      2


UNUSED ADDRESS RANGES

        Name                Unused          Largest block    Delta
        BANK0            004E-006F             22           1
        BANK1            00A0-00EF             50           1
        BANK2            0120-016F             50           1
        CODE             0002-0003              2           2
                         00F6-00FF              A
                         020D-0FFF            5F3
        COMMON           007A-007D              4           1
        CONST            0002-0003              2           2
                         00F6-00FF              A
                         020D-0FFF            100
        EEDATA           2100-21FF            100           2
        ENTRY            0002-0003              2           2
                         00F6-00FF              A
                         020D-0FFF            100
        IDLOC            2000-2003              4           2
        RAM              004E-006F             22           1
                         00A0-00EF             50
                         0120-016F             50
        SFR0             0000-001F             20           1
        SFR1             0080-009F             20           1
        SFR2             0100-011F             20           1
        SFR3             0180-01EF             70           1
        STACK            00A0-00EF             50           1
        STRCODE          0002-0003              2           2
                         00F6-00FF              A
                         020D-0FFF            DF3
        STRING           0002-0003              2           2
                         00F6-00FF              A
                         020D-0FFF            100

                                  Symbol Table

?_strlen                      cstackBANK0  0039
_CCP1M0                       (abs)        00B8
_CCP1M1                       (abs)        00B9
_CCP1M2                       (abs)        00BA
_CCP1M3                       (abs)        00BB
_CCP1X                        (abs)        00BD
_CCP1Y                        (abs)        00BC
_CCPR1L                       (abs)        0015
_CMCON                        (abs)        001F
_GIE                          (abs)        005F
_InterReceiver                text6        00B4
_PCON                         (abs)        008E
_PEIE                         (abs)        005E
_PORTA                        (abs)        0005
_PORTB                        (abs)        0006
_PR2                          (abs)        0092
_RB0                          (abs)        0030
_RB5                          (abs)        0035
_RCIE                         (abs)        0465
_RCIF                         (abs)        0065
_RCREG                        (abs)        001A
_RCSTA                        (abs)        0018
_RCV_Buff                     bssBANK0     0024
_RxInd                        bssBANK0     0020
_SPBRG                        (abs)        0099
_T2CON                        (abs)        0012
_TRISA                        (abs)        0085
_TRISB                        (abs)        0086
_TRISB0                       (abs)        0430
_TRISB3                       (abs)        0433
_TXIE                         (abs)        0464
_TXIF                         (abs)        0064
_TXREG                        (abs)        0019
_TXSTA                        (abs)        0098
_TxReq                        bssCOMMON    0070
_VRCON                        (abs)        009F
__CFG_BOREN$OFF               (abs)        0000
__CFG_CP$OFF                  (abs)        0000
__CFG_CPD$OFF                 (abs)        0000
__CFG_FOSC$INTOSCIO           (abs)        0000
__CFG_LVP$OFF                 (abs)        0000
__CFG_MCLRE$OFF               (abs)        0000
__CFG_PWRTE$OFF               (abs)        0000
__CFG_WDTE$OFF                (abs)        0000
__Habs1                       abs1         0000
__Hbank0                      bank0        0000
__Hbank1                      bank1        0000
__Hbank2                      bank2        0000
__Hbank3                      bank3        0000
__HbssBANK0                   bssBANK0     0000
__HbssCOMMON                  bssCOMMON    0000
__Hcinit                      cinit        0021
__Hclrtext                    clrtext      0000
__Hcode                       code         0000
__Hcommon                     common       0000
__Hconfig                     config       2008
__HcstackBANK0                cstackBANK0  0000
__HcstackCOMMON               cstackCOMMON 0000
__Heeprom_data                eeprom_data  0000
__Hend_init                   end_init     0013
__Hfunctab                    functab      0000
__Hidloc                      idloc        0000
__Hinit                       init         0011
__Hintentry                   intentry     0011
__Hmaintext                   maintext     0000
__Hpowerup                    powerup      0000
__Hram                        ram          0000
__Hreset_vec                  reset_vec    0002
__Hsfr0                       sfr0         0000
__Hsfr1                       sfr1         0000
__Hsfr2                       sfr2         0000
__Hsfr3                       sfr3         0000
__Hspace_0                    (abs)        2008
__Hspace_1                    (abs)        007A
__Hspace_2                    (abs)        0000
__Hspace_3                    (abs)        0000
__Hstack                      stack        0000
__Hstrings                    strings      0000
__Htext                       text         0000
__Labs1                       abs1         0000
__Lbank0                      bank0        0000
__Lbank1                      bank1        0000
__Lbank2                      bank2        0000
__Lbank3                      bank3        0000
__LbssBANK0                   bssBANK0     0000
__LbssCOMMON                  bssCOMMON    0000
__Lcinit                      cinit        0013
__Lclrtext                    clrtext      0000
__Lcode                       code         0000
__Lcommon                     common       0000
__Lconfig                     config       2007
__LcstackBANK0                cstackBANK0  0000
__LcstackCOMMON               cstackCOMMON 0000
__Leeprom_data                eeprom_data  0000
__Lend_init                   end_init     0011
__Lfunctab                    functab      0000
__Lidloc                      idloc        0000
__Linit                       init         0011
__Lintentry                   intentry     0004
__Lmaintext                   maintext     0000
__Lpowerup                    powerup      0000
__Lram                        ram          0000
__Lreset_vec                  reset_vec    0000
__Lsfr0                       sfr0         0000
__Lsfr1                       sfr1         0000
__Lsfr2                       sfr2         0000
__Lsfr3                       sfr3         0000
__Lspace_0                    (abs)        0000
__Lspace_1                    (abs)        0000
__Lspace_2                    (abs)        0000
__Lspace_3                    (abs)        0000
__Lstack                      stack        0000
__Lstrings                    strings      0000
__Ltext                       text         0000
__S0                          (abs)        2008
__S1                          (abs)        007A
__S2                          (abs)        0000
__S3                          (abs)        0000
___int_sp                     stack        0000
___latbits                    (abs)        0001
___sp                         stack        0000
__end_of_InterReceiver        text6        00F6
__end_of__initialization      cinit        001E
__end_of__stringdata          strings      013A
__end_of__stringtab           strings      0106
__end_of_device_init          text5        0173
__end_of_main                 maintext     0205
__end_of_memcpy               text4        01A0
__end_of_receive_main         text1        00B4
__end_of_sendDataHandler      text2        01CB
__end_of_strlen               text3        01F5
__initialization              cinit        0013
__pbssBANK0                   bssBANK0     0020
__pbssCOMMON                  bssCOMMON    0070
__pcstackBANK0                cstackBANK0  0039
__pcstackCOMMON               cstackCOMMON 0075
__pintentry                   intentry     0004
__pmaintext                   maintext     01F5
__pstrings                    strings      0100
__ptext1                      text1        0021
__ptext2                      text2        01A0
__ptext3                      text3        01CB
__ptext4                      text4        0173
__ptext5                      text5        013A
__ptext6                      text6        00B4
__size_of_InterReceiver       (abs)        0000
__size_of_device_init         (abs)        0000
__size_of_main                (abs)        0000
__size_of_memcpy              (abs)        0000
__size_of_receive_main        (abs)        0000
__size_of_sendDataHandler     (abs)        0000
__size_of_strlen              (abs)        0000
__stringbase                  strings      0105
__stringdata                  strings      0106
__stringtab                   strings      0100
_cnt                          bssCOMMON    0074
_device_init                  text5        013A
_i                            bssCOMMON    0072
_main                         maintext     01F5
_memcpy                       text4        0173
_receive_main                 text1        0021
_sendDataBuff                 bssBANK0     0025
_sendDataHandler              text2        01A0
_sendDataLen                  bssBANK0     0022
_strlen                       text3        01CB
btemp                         (abs)        007E
clear_ram0                    clrtext      0205
end_of_initialization         cinit        001E
interrupt_function            intentry     0004
intlevel0                     functab      0000
intlevel1                     functab      0000
intlevel2                     functab      0000
intlevel3                     functab      0000
intlevel4                     functab      0000
intlevel5                     functab      0000
ltemp                         (abs)        007E
ltemp0                        (abs)        007E
ltemp1                        (abs)        0082
ltemp2                        (abs)        0086
ltemp3                        (abs)        0080
memcpy@d                      cstackBANK0  003E
memcpy@d1                     cstackBANK0  003D
memcpy@n                      cstackBANK0  003A
memcpy@s                      cstackBANK0  003F
memcpy@s1                     cstackBANK0  0039
receive_main@backward         cstackBANK0  004A
receive_main@down             cstackBANK0  004C
receive_main@forward          cstackBANK0  0049
receive_main@stop             cstackBANK0  004D
receive_main@up               cstackBANK0  004B
reset_vec                     reset_vec    0000
saved_w                       (abs)        007E
sendDataHandler@SendDataBytes cstackBANK0  0043
sendDataHandler@msg           cstackBANK0  0041
sendDataHandler@ptr           cstackBANK0  0045
stackhi                       (abs)        0000
stacklo                       (abs)        0000
start                         init         0011
start_initialization          cinit        0013
strlen@cp                     cstackBANK0  0040
strlen@s                      cstackBANK0  003F
ttemp                         (abs)        007E
ttemp0                        (abs)        007E
ttemp1                        (abs)        0081
ttemp2                        (abs)        0084
ttemp3                        (abs)        0087
ttemp4                        (abs)        007F
wtemp                         (abs)        007E
wtemp0                        (abs)        007E
wtemp1                        (abs)        0080
wtemp2                        (abs)        0082
wtemp3                        (abs)        0084
wtemp4                        (abs)        0086
wtemp5                        (abs)        0088
wtemp6                        (abs)        007F


FUNCTION INFORMATION:

 *************** function _main *****************
 Defined at:
		line 27 in file "main.c"
 Parameters:    Size  Location     Type
		None
 Auto vars:     Size  Location     Type
		None
 Return value:  Size  Location     Type
                  2   14[COMMON] int 
 Registers used:
		wreg, fsr0l, fsr0h, status,2, status,0, pclath, cstack
 Tracked objects:
		On entry : 
		On exit  : 
		Unchanged: 
 Data sizes:     COMMON   BANK0   BANK1   BANK2
      Params:         0       0       0       0
      Locals:         0       0       0       0
      Temps:          0       0       0       0
      Totals:         0       0       0       0
Total ram usage:        0 bytes
 Hardware stack levels required when called:    5
 This function calls:
		_receive_main
 This function is called by:
		Startup code after reset
 This function uses a non-reentrant model


 *************** function _receive_main *****************
 Defined at:
		line 43 in file "usart.c"
 Parameters:    Size  Location     Type
		None
 Auto vars:     Size  Location     Type
  stop            1   20[BANK0 ] PTR const unsigned char 
		 -> STR_5(7), 
  down            1   19[BANK0 ] PTR const unsigned char 
		 -> STR_4(14), 
  up              1   18[BANK0 ] PTR const unsigned char 
		 -> STR_3(12), 
  backward        1   17[BANK0 ] PTR const unsigned char 
		 -> STR_2(10), 
  forward         1   16[BANK0 ] PTR const unsigned char 
		 -> STR_1(9), 
 Return value:  Size  Location     Type
		None               void
 Registers used:
		wreg, fsr0l, fsr0h, status,2, status,0, pclath, cstack
 Tracked objects:
		On entry : 
		On exit  : 
		Unchanged: 
 Data sizes:     COMMON   BANK0   BANK1   BANK2
      Params:         0       0       0       0
      Locals:         0       5       0       0
      Temps:          0       3       0       0
      Totals:         0       8       0       0
Total ram usage:        8 bytes
 Hardware stack levels used:    1
 Hardware stack levels required when called:    4
 This function calls:
		_device_init
		_sendDataHandler
 This function is called by:
		_main
 This function uses a non-reentrant model


 *************** function _sendDataHandler *****************
 Defined at:
		line 109 in file "usart.c"
 Parameters:    Size  Location     Type
  ptr             1    wreg     PTR volatile unsigned ch
		 -> sendDataBuff(20), 
  msg             1    8[BANK0 ] PTR const unsigned char 
		 -> STR_5(7), STR_4(14), STR_3(12), STR_2(10), 
		 -> STR_1(9), 
 Auto vars:     Size  Location     Type
  ptr             1   12[BANK0 ] PTR volatile unsigned ch
		 -> sendDataBuff(20), 
  SendDataByte    2   10[BANK0 ] unsigned int 
 Return value:  Size  Location     Type
		None               void
 Registers used:
		wreg, fsr0l, fsr0h, status,2, status,0, pclath, cstack
 Tracked objects:
		On entry : 
		On exit  : 
		Unchanged: 
 Data sizes:     COMMON   BANK0   BANK1   BANK2
      Params:         0       1       0       0
      Locals:         0       3       0       0
      Temps:          0       1       0       0
      Totals:         0       5       0       0
Total ram usage:        5 bytes
 Hardware stack levels used:    1
 Hardware stack levels required when called:    3
 This function calls:
		_memcpy
		_strlen
 This function is called by:
		_receive_main
 This function uses a non-reentrant model


 *************** function _strlen *****************
 Defined at:
		line 4 in file "C:\Program Files\Microchip\xc8\v1.33\sources\common\strlen.c"
 Parameters:    Size  Location     Type
  s               1    wreg     PTR const unsigned char 
		 -> STR_5(7), STR_4(14), STR_3(12), STR_2(10), 
		 -> STR_1(9), 
 Auto vars:     Size  Location     Type
  s               1    6[BANK0 ] PTR const unsigned char 
		 -> STR_5(7), STR_4(14), STR_3(12), STR_2(10), 
		 -> STR_1(9), 
  cp              1    7[BANK0 ] PTR const unsigned char 
		 -> STR_5(7), STR_4(14), STR_3(12), STR_2(10), 
		 -> STR_1(9), 
 Return value:  Size  Location     Type
                  2    0[BANK0 ] unsigned int 
 Registers used:
		wreg, fsr0l, fsr0h, status,2, status,0, pclath
 Tracked objects:
		On entry : 
		On exit  : 
		Unchanged: 
 Data sizes:     COMMON   BANK0   BANK1   BANK2
      Params:         0       2       0       0
      Locals:         0       2       0       0
      Temps:          0       4       0       0
      Totals:         0       8       0       0
Total ram usage:        8 bytes
 Hardware stack levels used:    2
 Hardware stack levels required when called:    1
 This function calls:
		Nothing
 This function is called by:
		_sendDataHandler
 This function uses a non-reentrant model


 *************** function _memcpy *****************
 Defined at:
		line 11 in file "C:\Program Files\Microchip\xc8\v1.33\sources\common\memcpy.c"
 Parameters:    Size  Location     Type
  d1              1    wreg     PTR void 
		 -> sendDataBuff(20), 
  s1              1    0[BANK0 ] PTR const void 
		 -> STR_5(7), STR_4(14), STR_3(12), STR_2(10), 
		 -> STR_1(9), 
  n               2    1[BANK0 ] unsigned int 
 Auto vars:     Size  Location     Type
  d1              1    4[BANK0 ] PTR void 
		 -> sendDataBuff(20), 
  s               1    6[BANK0 ] PTR const unsigned char 
		 -> STR_5(7), STR_4(14), STR_3(12), STR_2(10), 
		 -> STR_1(9), 
  d               1    5[BANK0 ] PTR unsigned char 
		 -> sendDataBuff(20), 
 Return value:  Size  Location     Type
                  1    wreg      PTR void 
 Registers used:
		wreg, fsr0l, fsr0h, status,2, status,0, pclath
 Tracked objects:
		On entry : 
		On exit  : 
		Unchanged: 
 Data sizes:     COMMON   BANK0   BANK1   BANK2
      Params:         0       3       0       0
      Locals:         0       3       0       0
      Temps:          0       1       0       0
      Totals:         0       7       0       0
Total ram usage:        7 bytes
 Hardware stack levels used:    2
 Hardware stack levels required when called:    1
 This function calls:
		Nothing
 This function is called by:
		_sendDataHandler
 This function uses a non-reentrant model


 *************** function _device_init *****************
 Defined at:
		line 5 in file "device_init.c"
 Parameters:    Size  Location     Type
		None
 Auto vars:     Size  Location     Type
		None
 Return value:  Size  Location     Type
		None               void
 Registers used:
		wreg, status,2
 Tracked objects:
		On entry : 
		On exit  : 
		Unchanged: 
 Data sizes:     COMMON   BANK0   BANK1   BANK2
      Params:         0       0       0       0
      Locals:         0       0       0       0
      Temps:          0       0       0       0
      Totals:         0       0       0       0
Total ram usage:        0 bytes
 Hardware stack levels used:    1
 Hardware stack levels required when called:    1
 This function calls:
		Nothing
 This function is called by:
		_receive_main
 This function uses a non-reentrant model


 *************** function _InterReceiver *****************
 Defined at:
		line 26 in file "usart.c"
 Parameters:    Size  Location     Type
		None
 Auto vars:     Size  Location     Type
		None
 Return value:  Size  Location     Type
		None               void
 Registers used:
		wreg, fsr0l, fsr0h, status,2, status,0
 Tracked objects:
		On entry : 
		On exit  : 
		Unchanged: 
 Data sizes:     COMMON   BANK0   BANK1   BANK2
      Params:         0       0       0       0
      Locals:         0       0       0       0
      Temps:          5       0       0       0
      Totals:         5       0       0       0
Total ram usage:        5 bytes
 Hardware stack levels used:    1
 This function calls:
		Nothing
 This function is called by:
		Interrupt level 1
 This function uses a non-reentrant model



MODULE INFORMATION

Module		Function		Class		Link	Load	Size
usart.c
		_sendDataHandle		CODE           	01A0	0000	43
		_InterReceiver 		CODE           	00B4	0000	66
		_receive_main  		CODE           	0021	0000	147

usart.c estimated size: 256

C:\Program Files\Microchip\xc8\v1.33\sources\common\strlen.c
		_strlen        		CODE           	01CB	0000	42

C:\Program Files\Microchip\xc8\v1.33\sources\common\strlen.c estimated size: 42

shared
		__stringtab    		STRING         	0100	0000	6
		__stringdata   		STRING         	0106	0000	52
		__initializatio		CODE           	0013	0000	11

shared estimated size: 69

C:\Program Files\Microchip\xc8\v1.33\sources\common\memcpy.c
		_memcpy        		CODE           	0173	0000	45

C:\Program Files\Microchip\xc8\v1.33\sources\common\memcpy.c estimated size: 45

device_init.c
		_device_init   		CODE           	013A	0000	57

device_init.c estimated size: 57

main.c
		_main          		CODE           	01F5	0000	16

main.c estimated size: 16

